// Jest Snapshot v1, https://jestjs.io/docs/snapshot-testing

exports[`ActionSheet snapshot matches snapshot with action descriptions 1`] = `<DocumentFragment />`;

exports[`ActionSheet snapshot matches snapshot with custom cancel text 1`] = `<DocumentFragment />`;

exports[`ActionSheet snapshot matches snapshot with default props 1`] = `<DocumentFragment />`;

exports[`ActionSheet snapshot matches snapshot with title and description 1`] = `<DocumentFragment />`;
