// Jest Snapshot v1, https://jestjs.io/docs/snapshot-testing

exports[`\`Breadcrumb\` Component customize separator 1`] = `
<DocumentFragment>
  <nav
    class="musae-breadcrumb theme__label.large styles__breadcrumb.default"
    style="--color-on-surface-variant: #49454F;"
  >
    <ol
      class="styles__breadcrumb.navigations"
    >
      <li
        class="musae-breadcrumb__item styles__navigation.default"
        style="--color-surface: #FFFBFE; --color-on-surface: #1D1B20;"
      >
        label1
      </li>
      <li
        class="musae-breadcrumb__separator styles__separator.default"
        role="separator"
      >
        -
      </li>
      <li
        class="musae-breadcrumb__item styles__navigation.default styles__navigation.link"
        style="--color-surface: #FFFBFE; --color-on-surface: #1D1B20;"
      >
        <a
          class="styles__anchor.default"
          href="https://aiszlab.dev"
        >
          link2
        </a>
      </li>
      <li
        class="musae-breadcrumb__separator styles__separator.default"
        role="separator"
      >
        -
      </li>
      <li
        class="musae-breadcrumb__item styles__navigation.default"
        style="--color-surface: #FFFBFE; --color-on-surface: #1D1B20;"
      >
        label3
      </li>
    </ol>
  </nav>
</DocumentFragment>
`;

exports[`\`Breadcrumb\` Component display items 1`] = `
<DocumentFragment>
  <nav
    class="musae-breadcrumb theme__label.large styles__breadcrumb.default"
    style="--color-on-surface-variant: #49454F;"
  >
    <ol
      class="styles__breadcrumb.navigations"
    >
      <li
        class="musae-breadcrumb__item styles__navigation.default"
        style="--color-surface: #FFFBFE; --color-on-surface: #1D1B20;"
      >
        label1
      </li>
      <li
        class="musae-breadcrumb__separator styles__separator.default"
        role="separator"
      >
        /
      </li>
      <li
        class="musae-breadcrumb__item styles__navigation.default styles__navigation.link"
        style="--color-surface: #FFFBFE; --color-on-surface: #1D1B20;"
      >
        <a
          class="styles__anchor.default"
          href="https://aiszlab.dev"
        >
          link2
        </a>
      </li>
      <li
        class="musae-breadcrumb__separator styles__separator.default"
        role="separator"
      >
        /
      </li>
      <li
        class="musae-breadcrumb__item styles__navigation.default"
        style="--color-surface: #FFFBFE; --color-on-surface: #1D1B20;"
      >
        label3
      </li>
    </ol>
  </nav>
</DocumentFragment>
`;

exports[`\`Breadcrumb\` Component empty items 1`] = `<DocumentFragment />`;
